
==========================================
馃殌 Phase 11 Backend Fixes Verification Run
==========================================

馃攳 [TEST 1] Memory Leak Fix (getAllEntries content stripping)
  鉁?PASSED: getAllEntries successfully stripped "content" field for list views
  鉁?PASSED: getAllEntries({includeContent: true}) included content for backups
  鉁?PASSED: getEntryById successfully loads full content on-demand

馃攳 [TEST 2] Disk Leak Fix (Attachment Physical Deletion)
cmd : [fileManager] Failed to delete physical file for at
tachment id=1: The "path" argument must be of type string
. Received undefined
所在位置 行:1 字符: 1
+ cmd /c npx electron verify-fixes.js > test-results.txt 
2>&1
+ ~~~~~~~~~~~~~~~~~~~~~~~~~~~~~~~~~~~~~~~~~~~~~~~~~~~~~~~
~~~~
    + CategoryInfo          : NotSpecified: ([fileManage 
   r] F...eived undefined:String) [], RemoteException
    + FullyQualifiedErrorId : NativeCommandError
 
鉂?FAILED: deleteAttachmentsForEntry did not physically de
lete the file. Disk leak is still present.
